⚠ [3396/3423] Replayed Erdos1152.V5.FiniteFourier
warning: Erdos1152/V5/FiniteFourier.lean:27:19: This simp argument is unused:
  fourier_zero

Hint: Omit it from the simp argument list.
  [apply] simp [character]

Note: This linter can be disabled with `set_option linter.unusedSimpArgs false`
warning: Erdos1152/V5/FiniteFourier.lean:85:4: try 'simp' instead of 'simpa'

Note: This linter can be disabled with `set_option linter.unnecessarySimpa false`
warning: Erdos1152/V5/FiniteFourier.lean:134:10: This simp argument is unused:
  sum_ite_irrel

Hint: Omit it from the simp argument list.
  [apply] simp [sum_filter]

Note: This linter can be disabled with `set_option linter.unusedSimpArgs false`
warning: Erdos1152/V5/FiniteFourier.lean:134:25: This simp argument is unused:
  sum_filter

Hint: Omit it from the simp argument list.
  [apply] simp [sum_ite_irrel]

Note: This linter can be disabled with `set_option linter.unusedSimpArgs false`
warning: Erdos1152/V5/FiniteFourier.lean:177:32: This simp argument is unused:
  Module.finrank_self

Hint: Omit it from the simp argument list.
  [apply] simp only [Module.finrank_pi, mul_one] at hf

Note: This linter can be disabled with `set_option linter.unusedSimpArgs false`
warning: Erdos1152/V5/FiniteFourier.lean:177:53: This simp argument is unused:
  mul_one

Hint: Omit it from the simp argument list.
  [apply] simp only [Module.finrank_pi, Module.finrank_self] at hf

Note: This linter can be disabled with `set_option linter.unusedSimpArgs false`
⚠ [3397/3423] Replayed Erdos1152.V5.FejerGrid
warning: Erdos1152/V5/FejerGrid.lean:41:10: Unused tactic linter: `ring` does nothing

Note: This linter can be disabled with `set_option linter.unusedTactic false`
warning: Erdos1152/V5/FejerGrid.lean:41:10: this tactic is never executed

Note: This linter can be disabled with `set_option linter.unreachableTactic false`
warning: Erdos1152/V5/FejerGrid.lean:164:22: This simp argument is unused:
  Complex.norm_natCast

Hint: Omit it from the simp argument list.
  [apply] simp [NeZero.ne L]

Note: This linter can be disabled with `set_option linter.unusedSimpArgs false`
⚠ [3410/3423] Built Erdos1152.V5.EntireSinc (3.3s)
warning: Erdos1152/V5/EntireSinc.lean:78:14: This simp argument is unused:
  Real.norm_eq_abs

Hint: Omit it from the simp argument list.
  [apply] simp only [Complex.mul_im, Complex.ofReal_re, Complex.ofReal_im, mul_zero, zero_add, abs_mul]

Note: This linter can be disabled with `set_option linter.unusedSimpArgs false`
✔ [3411/3423] Built Erdos1152.V5.FejerFilter (4.5s)
⚠ [3412/3423] Built Erdos1152.V5.SinePolynomial (4.0s)
warning: Erdos1152/V5/SinePolynomial.lean:30:5: Variable name `hC` is not explicitly referenced.

Hint: The binding can be removed (if unused) or named `_` (if used implicitly). Alternatively, prefix the name with `_` to silence this warning:
  [apply] _hC

Note: This linter can be disabled with `set_option linter.unusedVariables false`
info: Erdos1152/V5/SinePolynomial.lean:65:30: Try this:
  [apply] ring_nf
  
  The `ring` tactic failed to close the goal. Use `ring_nf` to obtain a normal form.
    
  Note that `ring` works primarily in *commutative* rings. If you have a noncommutative ring, abelian group or module, consider using `noncomm_ring`, `abel` or `module` instead.
warning: Erdos1152/V5/SinePolynomial.lean:65:18: Unused tactic linter: `congr 1` does nothing

Note: This linter can be disabled with `set_option linter.unusedTactic false`
warning: Erdos1152/V5/SinePolynomial.lean:65:26: Used `tac1 <;> tac2` where `(tac1; tac2)` would suffice

Note: This linter can be disabled with `set_option linter.unnecessarySeqFocus false`
warning: Erdos1152/V5/SinePolynomial.lean:78:42: Unused tactic linter: `ring` does nothing

Note: This linter can be disabled with `set_option linter.unusedTactic false`
warning: Erdos1152/V5/SinePolynomial.lean:78:42: this tactic is never executed

Note: This linter can be disabled with `set_option linter.unreachableTactic false`
warning: Erdos1152/V5/SinePolynomial.lean:78:23: Used `tac1 <;> tac2` where `(tac1; tac2)` would suffice

Note: This linter can be disabled with `set_option linter.unnecessarySeqFocus false`
✔ [3413/3423] Built Erdos1152.V5.Spectrum (4.4s)
⚠ [3414/3423] Built Erdos1152.V5.PrivalovProbe (6.6s)
info: Erdos1152/V5/PrivalovProbe.lean:62:2: Try this:
  [apply] ring_nf
  
  The `ring` tactic failed to close the goal. Use `ring_nf` to obtain a normal form.
    
  Note that `ring` works primarily in *commutative* rings. If you have a noncommutative ring, abelian group or module, consider using `noncomm_ring`, `abel` or `module` instead.
warning: Erdos1152/V5/PrivalovProbe.lean:128:35: This simp argument is unused:
  mul_smul_comm

Hint: Omit it from the simp argument list.
  [apply] simp

Note: This linter can be disabled with `set_option linter.unusedSimpArgs false`
warning: Erdos1152/V5/PrivalovProbe.lean:138:2: Try this: 
  haveI̵

The goal is a proposition, so `have` is preferred over `haveI`.
The difference between `have` and `haveI` is that `haveI` inlines the value.
But this is not relevant for proofs because of proof irrelevance.

Note: This linter can be disabled with `set_option linter.style.haveILetI false`
⚠ [3415/3423] Built Erdos1152.V5.Privalov (6.3s)
warning: Erdos1152/V5/Privalov.lean:93:50: This simp argument is unused:
  mul_add

Hint: Omit it from the simp argument list.
  [apply] simp [translateCircle, cosineCharacter, sum_mul, add_mul, mul_assoc]

Note: This linter can be disabled with `set_option linter.unusedSimpArgs false`
warning: Erdos1152/V5/Privalov.lean:170:2: Try this: 
  haveI̵

The goal is a proposition, so `have` is preferred over `haveI`.
The difference between `have` and `haveI` is that `haveI` inlines the value.
But this is not relevant for proofs because of proof irrelevance.

Note: This linter can be disabled with `set_option linter.style.haveILetI false`
⚠ [3416/3423] Built Erdos1152.V5.CircleInterpolation (4.1s)
info: Erdos1152/V5/CircleInterpolation.lean:48:4: Try this:
  [apply] ring_nf
  
  The `ring` tactic failed to close the goal. Use `ring_nf` to obtain a normal form.
    
  Note that `ring` works primarily in *commutative* rings. If you have a noncommutative ring, abelian group or module, consider using `noncomm_ring`, `abel` or `module` instead.
warning: Erdos1152/V5/CircleInterpolation.lean:138:2: Try this: 
  haveI̵

The goal is a proposition, so `have` is preferred over `haveI`.
The difference between `have` and `haveI` is that `haveI` inlines the value.
But this is not relevant for proofs because of proof irrelevance.

Note: This linter can be disabled with `set_option linter.style.haveILetI false`
✔ [3417/3423] Built Erdos1152.V5.HarmonicBudget (3.3s)
⚠ [3418/3423] Built Erdos1152.V5.NormalizeTrig (3.3s)
warning: Erdos1152/V5/NormalizeTrig.lean:71:12: This simp argument is unused:
  norm_div

Hint: Omit it from the simp argument list.
  [apply] simp [c, Complex.norm_real, Real.norm_eq_abs, abs_of_pos hM]

Note: This linter can be disabled with `set_option linter.unusedSimpArgs false`
⚠ [3419/3423] Built Erdos1152.V5.TrigExtension (3.5s)
warning: Erdos1152/V5/TrigExtension.lean:107:8: This simp argument is unused:
  Complex.norm_real

Hint: Omit it from the simp argument list.
  [apply] simp only [Complex.ofReal_im, mul_zero, Real.exp_zero, mul_one, Complex.norm_I, Real.norm_eq_abs]

Note: This linter can be disabled with `set_option linter.unusedSimpArgs false`
warning: Erdos1152/V5/TrigExtension.lean:107:26: This simp argument is unused:
  Real.norm_eq_abs

Hint: Omit it from the simp argument list.
  [apply] simp only [Complex.ofReal_im, mul_zero, Real.exp_zero, mul_one, Complex.norm_I, Complex.norm_real]

Note: This linter can be disabled with `set_option linter.unusedSimpArgs false`
⚠ [3420/3423] Built Erdos1152.V5.LocalBernstein (12s)
warning: Erdos1152/V5/LocalBernstein.lean:119:4: Unused tactic linter: `congr 1` does nothing

Note: This linter can be disabled with `set_option linter.unusedTactic false`
warning: Erdos1152/V5/LocalBernstein.lean:202:34: Used `tac1 <;> tac2` where `(tac1; tac2)` would suffice

Note: This linter can be disabled with `set_option linter.unnecessarySeqFocus false`
⚠ [3421/3423] Built Erdos1152.V5.SixthWindow (4.7s)
info: Erdos1152/V5/SixthWindow.lean:42:37: Try this:
  [apply] ring_nf
  
  The `ring` tactic failed to close the goal. Use `ring_nf` to obtain a normal form.
    
  Note that `ring` works primarily in *commutative* rings. If you have a noncommutative ring, abelian group or module, consider using `noncomm_ring`, `abel` or `module` instead.
warning: Erdos1152/V5/SixthWindow.lean:42:33: Used `tac1 <;> tac2` where `(tac1; tac2)` would suffice

Note: This linter can be disabled with `set_option linter.unnecessarySeqFocus false`
✔ [3422/3423] Built JSP957V5Bernstein (2.7s)
Build completed successfully (3423 jobs).
