⚠ [2784/3065] Replayed Erdos1152.CoarseRemez
warning: Erdos1152/CoarseRemez.lean:68:4: Used `tac1 <;> tac2` where `(tac1; tac2)` would suffice

Note: This linter can be disabled with `set_option linter.unnecessarySeqFocus false`
⚠ [2789/3065] Replayed Erdos1152.V4.PotentialLevel
warning: Erdos1152/V4/PotentialLevel.lean:143:6: Try `simp at hq` instead of `simpa using hq`

Note: This linter can be disabled with `set_option linter.unnecessarySimpa false`
warning: Erdos1152/V4/PotentialLevel.lean:220:17: `Set.mem_setOf_eq` has been deprecated: Use `Set.mem_ofPred_eq` instead
⚠ [2790/3065] Replayed Erdos1152.V4.MinimumPrinciple
warning: Erdos1152/V4/MinimumPrinciple.lean:181:5: Variable name `hab` is not explicitly referenced.

Hint: The binding can be removed (if unused) or named `_` (if used implicitly). Alternatively, prefix the name with `_` to silence this warning:
  [apply] _hab

Note: This linter can be disabled with `set_option linter.unusedVariables false`
⚠ [2859/3065] Replayed Erdos1152.V4.RegularizedPotential
warning: Erdos1152/V4/RegularizedPotential.lean:43:39: Variable name `μ` is not explicitly referenced.

Hint: The binding can be removed (if unused) or named `_` (if used implicitly). Alternatively, prefix the name with `_` to silence this warning:
  [apply] _μ

Note: This linter can be disabled with `set_option linter.unusedVariables false`
warning: Erdos1152/V4/RegularizedPotential.lean:70:46: Variable name `hz` is not explicitly referenced.

Hint: The binding can be removed (if unused) or named `_` (if used implicitly). Alternatively, prefix the name with `_` to silence this warning:
  [apply] _hz

Note: This linter can be disabled with `set_option linter.unusedVariables false`
warning: Erdos1152/V4/RegularizedPotential.lean:138:13: This simp argument is unused:
  Function.comp_def

Hint: Omit it from the simp argument list.
  [apply] simp only [Complex.reCLM_apply, Complex.log_re]

Note: This linter can be disabled with `set_option linter.unusedSimpArgs false`
warning: Erdos1152/V4/RegularizedPotential.lean:168:17: `Set.mem_setOf_eq` has been deprecated: Use `Set.mem_ofPred_eq` instead
⚠ [2860/3065] Replayed Erdos1152.V4.DiskHarnack
warning: Erdos1152/V4/DiskHarnack.lean:43:10: `HarmonicOnNhd.circleAverage_eq` has been deprecated: Use `InnerProductSpace.HarmonicOnNhd.circleAverage_eq` instead

Note: The updated constant is in a different namespace. Dot notation may need to be changed (e.g., from `x.circleAverage_eq` to `InnerProductSpace.HarmonicOnNhd.circleAverage_eq x`).
⚠ [2861/3065] Replayed Erdos1152.V4.BoundaryKernel
warning: Erdos1152/V4/BoundaryKernel.lean:84:25: this tactic is never executed

Note: This linter can be disabled with `set_option linter.unreachableTactic false`
warning: Erdos1152/V4/BoundaryKernel.lean:84:25: Unused tactic linter: `ring` does nothing

Note: This linter can be disabled with `set_option linter.unusedTactic false`
warning: Erdos1152/V4/BoundaryKernel.lean:129:75: this tactic is never executed

Note: This linter can be disabled with `set_option linter.unreachableTactic false`
warning: Erdos1152/V4/BoundaryKernel.lean:107:67: Used `tac1 <;> tac2` where `(tac1; tac2)` would suffice

Note: This linter can be disabled with `set_option linter.unnecessarySeqFocus false`
warning: Erdos1152/V4/BoundaryKernel.lean:129:75: Unused tactic linter: `ring` does nothing

Note: This linter can be disabled with `set_option linter.unusedTactic false`
⚠ [2862/3065] Replayed Erdos1152.V4.VerticalBoundary
warning: Erdos1152/V4/VerticalBoundary.lean:59:27: This simp argument is unused:
  verticalLog

Hint: Omit it from the simp argument list.
  [apply] simp only [Pi.pow_apply, id_eq, pow_one, mul_one]

Note: This linter can be disabled with `set_option linter.unusedSimpArgs false`
warning: Erdos1152/V4/VerticalBoundary.lean:59:61: This simp argument is unused:
  pow_one

Hint: Omit it from the simp argument list.
  [apply] simp only [verticalLog, Pi.pow_apply, id_eq, mul_one]

Note: This linter can be disabled with `set_option linter.unusedSimpArgs false`
warning: Erdos1152/V4/VerticalBoundary.lean:59:12: Used `tac1 <;> tac2` where `(tac1; tac2)` would suffice

Note: This linter can be disabled with `set_option linter.unnecessarySeqFocus false`
warning: Erdos1152/V4/VerticalBoundary.lean:59:79: Used `tac1 <;> tac2` where `(tac1; tac2)` would suffice

Note: This linter can be disabled with `set_option linter.unnecessarySeqFocus false`
⚠ [2865/3065] Replayed Erdos1152.V4.PositiveDensity
warning: Erdos1152/V4/PositiveDensity.lean:47:4: `Set.mem_setOf_eq` has been deprecated: Use `Set.mem_ofPred_eq` instead
⚠ [2867/3065] Replayed Erdos1152.V4.RestrictedKernel
warning: Erdos1152/V4/RestrictedKernel.lean:207:49: This simp argument is unused:
  r

Hint: Omit it from the simp argument list.
  [apply] simp only [rampGap, integral_indicator (measurableSet_sourceInterval a b), setIntegral_const, smul_eq_mul,
    mul_one, E]

Note: This linter can be disabled with `set_option linter.unusedSimpArgs false`
warning: Erdos1152/V4/RestrictedKernel.lean:207:52: This simp argument is unused:
  E

Hint: Omit it from the simp argument list.
  [apply] simp only [rampGap, integral_indicator (measurableSet_sourceInterval a b), setIntegral_const, smul_eq_mul,
    mul_one, r]

Note: This linter can be disabled with `set_option linter.unusedSimpArgs false`
⚠ [2868/3065] Replayed Erdos1152.V4.FiniteExternalField
warning: Erdos1152/V4/FiniteExternalField.lean:140:23: Used `tac1 <;> tac2` where `(tac1; tac2)` would suffice

Note: This linter can be disabled with `set_option linter.unnecessarySeqFocus false`
⚠ [2869/3065] Replayed Erdos1152.V4.DeletedKernel
warning: Erdos1152/V4/DeletedKernel.lean:193:31: this tactic is never executed

Note: This linter can be disabled with `set_option linter.unreachableTactic false`
warning: Erdos1152/V4/DeletedKernel.lean:193:31: Unused tactic linter: `ring` does nothing

Note: This linter can be disabled with `set_option linter.unusedTactic false`
⚠ [2871/3065] Replayed Erdos1152.V4.ExternalFieldLimit
warning: Erdos1152/V4/ExternalFieldLimit.lean:53:32: Variable name `hb` is not explicitly referenced.

Hint: The binding can be removed (if unused) or named `_` (if used implicitly). Alternatively, prefix the name with `_` to silence this warning:
  [apply] _hb

Note: This linter can be disabled with `set_option linter.unusedVariables false`
warning: Erdos1152/V4/ExternalFieldLimit.lean:90:24: this tactic is never executed

Note: This linter can be disabled with `set_option linter.unreachableTactic false`
warning: Erdos1152/V4/ExternalFieldLimit.lean:88:20: Used `tac1 <;> tac2` where `(tac1; tac2)` would suffice

Note: This linter can be disabled with `set_option linter.unnecessarySeqFocus false`
warning: Erdos1152/V4/ExternalFieldLimit.lean:90:24: Unused tactic linter: `ring` does nothing

Note: This linter can be disabled with `set_option linter.unusedTactic false`
warning: Erdos1152/V4/ExternalFieldLimit.lean:117:21: This simp argument is unused:
  ← Finset.sum_filter

Hint: Omit it from the simp argument list.
  [apply] simp [insideNodes]

Note: Simp arguments with `←` have the additional effect of removing the other direction from the simp set, even if the simp argument itself is unused. If the hint above does not work, try replacing `←` with `-` to only get that effect and silence this warning.

Note: This linter can be disabled with `set_option linter.unusedSimpArgs false`
⚠ [2898/3065] Replayed Erdos1152.V4.LocalMass
info: Erdos1152/V4/LocalMass.lean:94:2: Try this:
  [apply] ring_nf
  
  The `ring` tactic failed to close the goal. Use `ring_nf` to obtain a normal form.
    
  Note that `ring` works primarily in *commutative* rings. If you have a noncommutative ring, abelian group or module, consider using `noncomm_ring`, `abel` or `module` instead.
info: Erdos1152/V4/LocalMass.lean:157:17: Try this:
  [apply] ring_nf
  
  The `ring` tactic failed to close the goal. Use `ring_nf` to obtain a normal form.
    
  Note that `ring` works primarily in *commutative* rings. If you have a noncommutative ring, abelian group or module, consider using `noncomm_ring`, `abel` or `module` instead.
warning: Erdos1152/V4/LocalMass.lean:157:13: Used `tac1 <;> tac2` where `(tac1; tac2)` would suffice

Note: This linter can be disabled with `set_option linter.unnecessarySeqFocus false`
warning: Erdos1152/V4/LocalMass.lean:228:21: this tactic is never executed

Note: This linter can be disabled with `set_option linter.unreachableTactic false`
warning: Erdos1152/V4/LocalMass.lean:228:21: Unused tactic linter: `ring` does nothing

Note: This linter can be disabled with `set_option linter.unusedTactic false`
⚠ [2939/3065] Replayed Erdos1152.V4.LimitFieldRegularity
warning: Erdos1152/V4/LimitFieldRegularity.lean:18:18: Variable name `hu` is not explicitly referenced.

Hint: The binding can be removed (if unused) or named `_` (if used implicitly). Alternatively, prefix the name with `_` to silence this warning:
  [apply] _hu

Note: This linter can be disabled with `set_option linter.unusedVariables false`
warning: Erdos1152/V4/LimitFieldRegularity.lean:41:70: Used `tac1 <;> tac2` where `(tac1; tac2)` would suffice

Note: This linter can be disabled with `set_option linter.unnecessarySeqFocus false`
warning: Erdos1152/V4/LimitFieldRegularity.lean:50:81: Used `tac1 <;> tac2` where `(tac1; tac2)` would suffice

Note: This linter can be disabled with `set_option linter.unnecessarySeqFocus false`
⚠ [2942/3065] Replayed Erdos1152.V5.TangentIntegration
warning: Erdos1152/V5/TangentIntegration.lean:182:18: Variable name `hu` is not explicitly referenced.

Hint: The binding can be removed (if unused) or named `_` (if used implicitly). Alternatively, prefix the name with `_` to silence this warning:
  [apply] _hu

Note: This linter can be disabled with `set_option linter.unusedVariables false`
⚠ [2943/3065] Replayed Erdos1152.V5.AffineControl
warning: Erdos1152/V5/AffineControl.lean:76:35: Variable name `hδ` is not explicitly referenced.

Hint: The binding can be removed (if unused) or named `_` (if used implicitly). Alternatively, prefix the name with `_` to silence this warning:
  [apply] _hδ

Note: This linter can be disabled with `set_option linter.unusedVariables false`
warning: Erdos1152/V5/AffineControl.lean:76:48: Variable name `hτ` is not explicitly referenced.

Hint: The binding can be removed (if unused) or named `_` (if used implicitly). Alternatively, prefix the name with `_` to silence this warning:
  [apply] _hτ

Note: This linter can be disabled with `set_option linter.unusedVariables false`
⚠ [2944/3065] Replayed Erdos1152.V5.MinimumSamples
warning: Erdos1152/V5/MinimumSamples.lean:131:5: Variable name `hτ` is not explicitly referenced.

Hint: The binding can be removed (if unused) or named `_` (if used implicitly). Alternatively, prefix the name with `_` to silence this warning:
  [apply] _hτ

Note: This linter can be disabled with `set_option linter.unusedVariables false`
warning: Erdos1152/V5/MinimumSamples.lean:178:8: Unused tactic linter: `change (∫ u, tangentError μ x h u ∂baseMeasure) < τ * volume.real Eminus` does nothing

Note: This linter can be disabled with `set_option linter.unusedTactic false`
warning: Erdos1152/V5/MinimumSamples.lean:180:8: Unused tactic linter: `change (∫ u, tangentError μ x h u ∂baseMeasure) < τ * volume.real Eplus` does nothing

Note: This linter can be disabled with `set_option linter.unusedTactic false`
⚠ [2946/3065] Replayed Erdos1152.V5.AnnulusKernel
warning: Erdos1152/V5/AnnulusKernel.lean:43:58: Variable name `hb1` is not explicitly referenced.

Hint: The binding can be removed (if unused) or named `_` (if used implicitly). Alternatively, prefix the name with `_` to silence this warning:
  [apply] _hb1

Note: This linter can be disabled with `set_option linter.unusedVariables false`
warning: Erdos1152/V5/AnnulusKernel.lean:101:36: Used `tac1 <;> tac2` where `(tac1; tac2)` would suffice

Note: This linter can be disabled with `set_option linter.unnecessarySeqFocus false`
warning: Erdos1152/V5/AnnulusKernel.lean:102:59: Used `tac1 <;> tac2` where `(tac1; tac2)` would suffice

Note: This linter can be disabled with `set_option linter.unnecessarySeqFocus false`
⚠ [2947/3065] Replayed Erdos1152.V5.AnnulusLimit
warning: Erdos1152/V5/AnnulusLimit.lean:27:39: `Set.mem_setOf_eq` has been deprecated: Use `Set.mem_ofPred_eq` instead
warning: Erdos1152/V5/AnnulusLimit.lean:130:37: This simp argument is unused:
  reduceCtorEq

Hint: Omit it from the simp argument list.
  [apply] simp only [rawFieldJet, Fin.isValue, ite_false]

Note: This linter can be disabled with `set_option linter.unusedSimpArgs false`
warning: Erdos1152/V5/AnnulusLimit.lean:130:50: This simp argument is unused:
  ite_false

Hint: Omit it from the simp argument list.
  [apply] simp only [rawFieldJet, Fin.isValue, reduceCtorEq]

Note: This linter can be disabled with `set_option linter.unusedSimpArgs false`
⚠ [2954/3065] Replayed Erdos1152.V5.SelectedCenters
warning: Erdos1152/V5/SelectedCenters.lean:62:59: Variable name `hT` is not explicitly referenced.

Hint: The binding can be removed (if unused) or named `_` (if used implicitly). Alternatively, prefix the name with `_` to silence this warning:
  [apply] _hT

Note: This linter can be disabled with `set_option linter.unusedVariables false`
⚠ [2955/3065] Replayed Erdos1152.V5.CrossTails
warning: Erdos1152/V5/CrossTails.lean:89:28: Variable name `hT` is not explicitly referenced.

Hint: The binding can be removed (if unused) or named `_` (if used implicitly). Alternatively, prefix the name with `_` to silence this warning:
  [apply] _hT

Note: This linter can be disabled with `set_option linter.unusedVariables false`
warning: Erdos1152/V5/CrossTails.lean:122:4: try 'simp' instead of 'simpa'

Note: This linter can be disabled with `set_option linter.unnecessarySimpa false`
warning: Erdos1152/V5/CrossTails.lean:132:2: Try this: 
  letI̵

The goal is a proposition, so `let` is preferred over `letI`.
The difference between `let` and `letI` is that `letI` inlines the value.
But this is not relevant for proofs because of proof irrelevance.

Note: This linter can be disabled with `set_option linter.style.haveILetI false`
⚠ [2956/3065] Replayed Erdos1152.V5.AssemblePeaks
warning: Erdos1152/V5/AssemblePeaks.lean:53:45: Variable name `hℓ` is not explicitly referenced.

Hint: The binding can be removed (if unused) or named `_` (if used implicitly). Alternatively, prefix the name with `_` to silence this warning:
  [apply] _hℓ

Note: This linter can be disabled with `set_option linter.unusedVariables false`
⚠ [2959/3065] Replayed Erdos1152.V5.WeightedEnvelope
warning: Erdos1152/V5/WeightedEnvelope.lean:21:37: Variable name `hδ` is not explicitly referenced.

Hint: The binding can be removed (if unused) or named `_` (if used implicitly). Alternatively, prefix the name with `_` to silence this warning:
  [apply] _hδ

Note: This linter can be disabled with `set_option linter.unusedVariables false`
warning: Erdos1152/V5/WeightedEnvelope.lean:102:27: Variable name `hm` is not explicitly referenced.

Hint: The binding can be removed (if unused) or named `_` (if used implicitly). Alternatively, prefix the name with `_` to silence this warning:
  [apply] _hm

Note: This linter can be disabled with `set_option linter.unusedVariables false`
warning: Erdos1152/V5/WeightedEnvelope.lean:198:29: Used `tac1 <;> tac2` where `(tac1; tac2)` would suffice

Note: This linter can be disabled with `set_option linter.unnecessarySeqFocus false`
⚠ [2990/3065] Replayed Erdos1152.V5.GammaAmplitude
warning: Erdos1152/V5/GammaAmplitude.lean:215:43: Variable name `hb0` is not explicitly referenced.

Hint: The binding can be removed (if unused) or named `_` (if used implicitly). Alternatively, prefix the name with `_` to silence this warning:
  [apply] _hb0

Note: This linter can be disabled with `set_option linter.unusedVariables false`
⚠ [2991/3065] Replayed Erdos1152.V5.SineContour
info: Erdos1152/V5/SineContour.lean:76:18: Try this:
  [apply] ring_nf
  
  The `ring` tactic failed to close the goal. Use `ring_nf` to obtain a normal form.
    
  Note that `ring` works primarily in *commutative* rings. If you have a noncommutative ring, abelian group or module, consider using `noncomm_ring`, `abel` or `module` instead.
warning: Erdos1152/V5/SineContour.lean:76:14: Used `tac1 <;> tac2` where `(tac1; tac2)` would suffice

Note: This linter can be disabled with `set_option linter.unnecessarySeqFocus false`
warning: Erdos1152/V5/SineContour.lean:151:53: Used `tac1 <;> tac2` where `(tac1; tac2)` would suffice

Note: This linter can be disabled with `set_option linter.unnecessarySeqFocus false`
warning: Erdos1152/V5/SineContour.lean:173:53: Used `tac1 <;> tac2` where `(tac1; tac2)` would suffice

Note: This linter can be disabled with `set_option linter.unnecessarySeqFocus false`
⚠ [2992/3065] Replayed Erdos1152.V5.SamplingDecay
warning: Erdos1152/V5/SamplingDecay.lean:120:54: Variable name `hD` is not explicitly referenced.

Hint: The binding can be removed (if unused) or named `_` (if used implicitly). Alternatively, prefix the name with `_` to silence this warning:
  [apply] _hD

Note: This linter can be disabled with `set_option linter.unusedVariables false`
⚠ [2993/3065] Replayed Erdos1152.V5.SamplingContours
warning: Erdos1152/V5/SamplingContours.lean:60:19: This simp argument is unused:
  abs_div

Hint: Omit it from the simp argument list.
  [apply] simp [abs_of_pos ht]

Note: This linter can be disabled with `set_option linter.unusedSimpArgs false`
warning: Erdos1152/V5/SamplingContours.lean:181:77: Unused tactic linter: `positivity` does nothing

Note: This linter can be disabled with `set_option linter.unusedTactic false`
warning: Erdos1152/V5/SamplingContours.lean:181:77: this tactic is never executed

Note: This linter can be disabled with `set_option linter.unreachableTactic false`
warning: Erdos1152/V5/SamplingContours.lean:178:36: Used `tac1 <;> tac2` where `(tac1; tac2)` would suffice

Note: This linter can be disabled with `set_option linter.unnecessarySeqFocus false`
warning: Erdos1152/V5/SamplingContours.lean:219:75: Unused tactic linter: `positivity` does nothing

Note: This linter can be disabled with `set_option linter.unusedTactic false`
warning: Erdos1152/V5/SamplingContours.lean:219:75: this tactic is never executed

Note: This linter can be disabled with `set_option linter.unreachableTactic false`
warning: Erdos1152/V5/SamplingContours.lean:216:36: Used `tac1 <;> tac2` where `(tac1; tac2)` would suffice

Note: This linter can be disabled with `set_option linter.unnecessarySeqFocus false`
⚠ [2995/3065] Replayed Erdos1152.V5.FinitePoles
warning: Erdos1152/V5/FinitePoles.lean:31:6: Unused tactic linter: `ring` does nothing

Note: This linter can be disabled with `set_option linter.unusedTactic false`
warning: Erdos1152/V5/FinitePoles.lean:31:6: this tactic is never executed

Note: This linter can be disabled with `set_option linter.unreachableTactic false`
⚠ [2996/3065] Replayed Erdos1152.V5.EntireSinc
warning: Erdos1152/V5/EntireSinc.lean:78:14: This simp argument is unused:
  Real.norm_eq_abs

Hint: Omit it from the simp argument list.
  [apply] simp only [Complex.mul_im, Complex.ofReal_re, Complex.ofReal_im, mul_zero, zero_add, abs_mul]

Note: This linter can be disabled with `set_option linter.unusedSimpArgs false`
⚠ [2997/3065] Replayed Erdos1152.V5.SamplingFormula
warning: Erdos1152/V5/SamplingFormula.lean:81:36: This simp argument is unused:
  zero_mul

Hint: Omit it from the simp argument list.
  [apply] simp only [Complex.sin_int_mul_pi, add_zero]

Note: This linter can be disabled with `set_option linter.unusedSimpArgs false`
warning: Erdos1152/V5/SamplingFormula.lean:81:45: This simp argument is unused:
  add_zero

Hint: Omit it from the simp argument list.
  [apply] simp only [Complex.sin_int_mul_pi, zero_mul]

Note: This linter can be disabled with `set_option linter.unusedSimpArgs false`
warning: Erdos1152/V5/SamplingFormula.lean:180:30: This simp argument is unused:
  mul_zero

Hint: Omit it from the simp argument list.
  [apply] simp only [sub_sub_cancel, sub_zero] at hsumlim

Note: This linter can be disabled with `set_option linter.unusedSimpArgs false`
⚠ [2998/3065] Replayed Erdos1152.V5.FiniteSampling
warning: Erdos1152/V5/FiniteSampling.lean:59:62: This simp argument is unused:
  ite_add_ite

Hint: Omit it from the simp argument list.
  [apply] simp only [correctedSample, mul_add, Finset.sum_add_distrib]

Note: This linter can be disabled with `set_option linter.unusedSimpArgs false`
warning: Erdos1152/V5/FiniteSampling.lean:147:42: Variable name `hreal` is not explicitly referenced.

Hint: The binding can be removed (if unused) or named `_` (if used implicitly). Alternatively, prefix the name with `_` to silence this warning:
  [apply] _hreal

Note: This linter can be disabled with `set_option linter.unusedVariables false`
warning: Erdos1152/V5/FiniteSampling.lean:178:25: Used `tac1 <;> tac2` where `(tac1; tac2)` would suffice

Note: This linter can be disabled with `set_option linter.unnecessarySeqFocus false`
warning: Erdos1152/V5/FiniteSampling.lean:283:42: Unused tactic linter: `ring` does nothing

Note: This linter can be disabled with `set_option linter.unusedTactic false`
warning: Erdos1152/V5/FiniteSampling.lean:291:6: Unused tactic linter: `ring` does nothing

Note: This linter can be disabled with `set_option linter.unusedTactic false`
warning: Erdos1152/V5/FiniteSampling.lean:283:42: this tactic is never executed

Note: This linter can be disabled with `set_option linter.unreachableTactic false`
warning: Erdos1152/V5/FiniteSampling.lean:291:6: this tactic is never executed

Note: This linter can be disabled with `set_option linter.unreachableTactic false`
warning: Erdos1152/V5/FiniteSampling.lean:283:23: Used `tac1 <;> tac2` where `(tac1; tac2)` would suffice

Note: This linter can be disabled with `set_option linter.unnecessarySeqFocus false`
ℹ [3000/3065] Replayed Erdos1152.V5.MeshKernel
info: Erdos1152/V5/MeshKernel.lean:141:4: Try this:
  [apply] ring_nf
  
  The `ring` tactic failed to close the goal. Use `ring_nf` to obtain a normal form.
    
  Note that `ring` works primarily in *commutative* rings. If you have a noncommutative ring, abelian group or module, consider using `noncomm_ring`, `abel` or `module` instead.
⚠ [3002/3065] Replayed Erdos1152.V5.SamplingPacket
warning: Erdos1152/V5/SamplingPacket.lean:11:44: Variable name `ht₁` is not explicitly referenced.

Hint: The binding can be removed (if unused) or named `_` (if used implicitly). Alternatively, prefix the name with `_` to silence this warning:
  [apply] _ht₁

Note: This linter can be disabled with `set_option linter.unusedVariables false`
⚠ [3003/3065] Replayed Erdos1152.V5.WeightedPolynomial
warning: Erdos1152/V5/WeightedPolynomial.lean:157:41: Variable name `hK` is not explicitly referenced.

Hint: The binding can be removed (if unused) or named `_` (if used implicitly). Alternatively, prefix the name with `_` to silence this warning:
  [apply] _hK

Note: This linter can be disabled with `set_option linter.unusedVariables false`
warning: Erdos1152/V5/WeightedPolynomial.lean:157:52: Variable name `hT` is not explicitly referenced.

Hint: The binding can be removed (if unused) or named `_` (if used implicitly). Alternatively, prefix the name with `_` to silence this warning:
  [apply] _hT

Note: This linter can be disabled with `set_option linter.unusedVariables false`
⚠ [3004/3065] Replayed Erdos1152.V5.UniformPacketControl
warning: Erdos1152/V5/UniformPacketControl.lean:63:5: Variable name `hρ` is not explicitly referenced.

Hint: The binding can be removed (if unused) or named `_` (if used implicitly). Alternatively, prefix the name with `_` to silence this warning:
  [apply] _hρ

Note: This linter can be disabled with `set_option linter.unusedVariables false`
⚠ [3627/3648] Replayed Erdos1152.V5.FiniteFourier
warning: Erdos1152/V5/FiniteFourier.lean:27:19: This simp argument is unused:
  fourier_zero

Hint: Omit it from the simp argument list.
  [apply] simp [character]

Note: This linter can be disabled with `set_option linter.unusedSimpArgs false`
warning: Erdos1152/V5/FiniteFourier.lean:85:4: try 'simp' instead of 'simpa'

Note: This linter can be disabled with `set_option linter.unnecessarySimpa false`
warning: Erdos1152/V5/FiniteFourier.lean:134:10: This simp argument is unused:
  sum_ite_irrel

Hint: Omit it from the simp argument list.
  [apply] simp [sum_filter]

Note: This linter can be disabled with `set_option linter.unusedSimpArgs false`
warning: Erdos1152/V5/FiniteFourier.lean:134:25: This simp argument is unused:
  sum_filter

Hint: Omit it from the simp argument list.
  [apply] simp [sum_ite_irrel]

Note: This linter can be disabled with `set_option linter.unusedSimpArgs false`
warning: Erdos1152/V5/FiniteFourier.lean:177:32: This simp argument is unused:
  Module.finrank_self

Hint: Omit it from the simp argument list.
  [apply] simp only [Module.finrank_pi, mul_one] at hf

Note: This linter can be disabled with `set_option linter.unusedSimpArgs false`
warning: Erdos1152/V5/FiniteFourier.lean:177:53: This simp argument is unused:
  mul_one

Hint: Omit it from the simp argument list.
  [apply] simp only [Module.finrank_pi, Module.finrank_self] at hf

Note: This linter can be disabled with `set_option linter.unusedSimpArgs false`
⚠ [3628/3648] Replayed Erdos1152.V5.FejerGrid
warning: Erdos1152/V5/FejerGrid.lean:41:10: Unused tactic linter: `ring` does nothing

Note: This linter can be disabled with `set_option linter.unusedTactic false`
warning: Erdos1152/V5/FejerGrid.lean:41:10: this tactic is never executed

Note: This linter can be disabled with `set_option linter.unreachableTactic false`
warning: Erdos1152/V5/FejerGrid.lean:164:22: This simp argument is unused:
  Complex.norm_natCast

Hint: Omit it from the simp argument list.
  [apply] simp [NeZero.ne L]

Note: This linter can be disabled with `set_option linter.unusedSimpArgs false`
⚠ [3631/3648] Replayed Erdos1152.V5.SinePolynomial
warning: Erdos1152/V5/SinePolynomial.lean:30:5: Variable name `hC` is not explicitly referenced.

Hint: The binding can be removed (if unused) or named `_` (if used implicitly). Alternatively, prefix the name with `_` to silence this warning:
  [apply] _hC

Note: This linter can be disabled with `set_option linter.unusedVariables false`
info: Erdos1152/V5/SinePolynomial.lean:65:30: Try this:
  [apply] ring_nf
  
  The `ring` tactic failed to close the goal. Use `ring_nf` to obtain a normal form.
    
  Note that `ring` works primarily in *commutative* rings. If you have a noncommutative ring, abelian group or module, consider using `noncomm_ring`, `abel` or `module` instead.
warning: Erdos1152/V5/SinePolynomial.lean:65:18: Unused tactic linter: `congr 1` does nothing

Note: This linter can be disabled with `set_option linter.unusedTactic false`
warning: Erdos1152/V5/SinePolynomial.lean:65:26: Used `tac1 <;> tac2` where `(tac1; tac2)` would suffice

Note: This linter can be disabled with `set_option linter.unnecessarySeqFocus false`
warning: Erdos1152/V5/SinePolynomial.lean:78:42: Unused tactic linter: `ring` does nothing

Note: This linter can be disabled with `set_option linter.unusedTactic false`
warning: Erdos1152/V5/SinePolynomial.lean:78:42: this tactic is never executed

Note: This linter can be disabled with `set_option linter.unreachableTactic false`
warning: Erdos1152/V5/SinePolynomial.lean:78:23: Used `tac1 <;> tac2` where `(tac1; tac2)` would suffice

Note: This linter can be disabled with `set_option linter.unnecessarySeqFocus false`
⚠ [3632/3648] Replayed Erdos1152.V5.PrivalovProbe
info: Erdos1152/V5/PrivalovProbe.lean:62:2: Try this:
  [apply] ring_nf
  
  The `ring` tactic failed to close the goal. Use `ring_nf` to obtain a normal form.
    
  Note that `ring` works primarily in *commutative* rings. If you have a noncommutative ring, abelian group or module, consider using `noncomm_ring`, `abel` or `module` instead.
warning: Erdos1152/V5/PrivalovProbe.lean:128:35: This simp argument is unused:
  mul_smul_comm

Hint: Omit it from the simp argument list.
  [apply] simp

Note: This linter can be disabled with `set_option linter.unusedSimpArgs false`
warning: Erdos1152/V5/PrivalovProbe.lean:138:2: Try this: 
  haveI̵

The goal is a proposition, so `have` is preferred over `haveI`.
The difference between `have` and `haveI` is that `haveI` inlines the value.
But this is not relevant for proofs because of proof irrelevance.

Note: This linter can be disabled with `set_option linter.style.haveILetI false`
⚠ [3633/3648] Replayed Erdos1152.V5.Privalov
warning: Erdos1152/V5/Privalov.lean:93:50: This simp argument is unused:
  mul_add

Hint: Omit it from the simp argument list.
  [apply] simp [translateCircle, cosineCharacter, sum_mul, add_mul, mul_assoc]

Note: This linter can be disabled with `set_option linter.unusedSimpArgs false`
warning: Erdos1152/V5/Privalov.lean:170:2: Try this: 
  haveI̵

The goal is a proposition, so `have` is preferred over `haveI`.
The difference between `have` and `haveI` is that `haveI` inlines the value.
But this is not relevant for proofs because of proof irrelevance.

Note: This linter can be disabled with `set_option linter.style.haveILetI false`
⚠ [3634/3648] Replayed Erdos1152.V5.CircleInterpolation
info: Erdos1152/V5/CircleInterpolation.lean:48:4: Try this:
  [apply] ring_nf
  
  The `ring` tactic failed to close the goal. Use `ring_nf` to obtain a normal form.
    
  Note that `ring` works primarily in *commutative* rings. If you have a noncommutative ring, abelian group or module, consider using `noncomm_ring`, `abel` or `module` instead.
warning: Erdos1152/V5/CircleInterpolation.lean:138:2: Try this: 
  haveI̵

The goal is a proposition, so `have` is preferred over `haveI`.
The difference between `have` and `haveI` is that `haveI` inlines the value.
But this is not relevant for proofs because of proof irrelevance.

Note: This linter can be disabled with `set_option linter.style.haveILetI false`
⚠ [3636/3648] Replayed Erdos1152.V5.NormalizeTrig
warning: Erdos1152/V5/NormalizeTrig.lean:71:12: This simp argument is unused:
  norm_div

Hint: Omit it from the simp argument list.
  [apply] simp [c, Complex.norm_real, Real.norm_eq_abs, abs_of_pos hM]

Note: This linter can be disabled with `set_option linter.unusedSimpArgs false`
⚠ [3637/3648] Replayed Erdos1152.V5.TrigExtension
warning: Erdos1152/V5/TrigExtension.lean:107:8: This simp argument is unused:
  Complex.norm_real

Hint: Omit it from the simp argument list.
  [apply] simp only [Complex.ofReal_im, mul_zero, Real.exp_zero, mul_one, Complex.norm_I, Real.norm_eq_abs]

Note: This linter can be disabled with `set_option linter.unusedSimpArgs false`
warning: Erdos1152/V5/TrigExtension.lean:107:26: This simp argument is unused:
  Real.norm_eq_abs

Hint: Omit it from the simp argument list.
  [apply] simp only [Complex.ofReal_im, mul_zero, Real.exp_zero, mul_one, Complex.norm_I, Complex.norm_real]

Note: This linter can be disabled with `set_option linter.unusedSimpArgs false`
⚠ [3638/3648] Replayed Erdos1152.V5.LocalBernstein
warning: Erdos1152/V5/LocalBernstein.lean:119:4: Unused tactic linter: `congr 1` does nothing

Note: This linter can be disabled with `set_option linter.unusedTactic false`
warning: Erdos1152/V5/LocalBernstein.lean:202:34: Used `tac1 <;> tac2` where `(tac1; tac2)` would suffice

Note: This linter can be disabled with `set_option linter.unnecessarySeqFocus false`
⚠ [3639/3648] Replayed Erdos1152.V5.SixthWindow
info: Erdos1152/V5/SixthWindow.lean:42:37: Try this:
  [apply] ring_nf
  
  The `ring` tactic failed to close the goal. Use `ring_nf` to obtain a normal form.
    
  Note that `ring` works primarily in *commutative* rings. If you have a noncommutative ring, abelian group or module, consider using `noncomm_ring`, `abel` or `module` instead.
warning: Erdos1152/V5/SixthWindow.lean:42:33: Used `tac1 <;> tac2` where `(tac1; tac2)` would suffice

Note: This linter can be disabled with `set_option linter.unnecessarySeqFocus false`
ℹ [3642/3648] Built Erdos1152.V5.Minimal (9.4s)
info: Erdos1152/V5/Minimal.lean:81:6: Try this:
  [apply] ring_nf
  
  The `ring` tactic failed to close the goal. Use `ring_nf` to obtain a normal form.
    
  Note that `ring` works primarily in *commutative* rings. If you have a noncommutative ring, abelian group or module, consider using `noncomm_ring`, `abel` or `module` instead.
✔ [3643/3648] Built Erdos1152.V5.Main (2.8s)
✔ [3644/3648] Built Erdos1152.V5.StrictEpsilon (3.3s)
✔ [3645/3648] Built JSP957Final (2.9s)
✔ [3647/3648] Built JSP957V5 (2.6s)
Build completed successfully (3648 jobs).
