⚠ [3396/3397] Built Erdos1152.V5.FiniteFourier (3.9s)
warning: Erdos1152/V5/FiniteFourier.lean:27:19: This simp argument is unused:
  fourier_zero

Hint: Omit it from the simp argument list.
  [apply] simp [character]

Note: This linter can be disabled with `set_option linter.unusedSimpArgs false`
warning: Erdos1152/V5/FiniteFourier.lean:85:4: try 'simp' instead of 'simpa'

Note: This linter can be disabled with `set_option linter.unnecessarySimpa false`
warning: Erdos1152/V5/FiniteFourier.lean:134:10: This simp argument is unused:
  sum_ite_irrel

Hint: Omit it from the simp argument list.
  [apply] simp [sum_filter]

Note: This linter can be disabled with `set_option linter.unusedSimpArgs false`
warning: Erdos1152/V5/FiniteFourier.lean:134:25: This simp argument is unused:
  sum_filter

Hint: Omit it from the simp argument list.
  [apply] simp [sum_ite_irrel]

Note: This linter can be disabled with `set_option linter.unusedSimpArgs false`
warning: Erdos1152/V5/FiniteFourier.lean:177:32: This simp argument is unused:
  Module.finrank_self

Hint: Omit it from the simp argument list.
  [apply] simp only [Module.finrank_pi, mul_one] at hf

Note: This linter can be disabled with `set_option linter.unusedSimpArgs false`
warning: Erdos1152/V5/FiniteFourier.lean:177:53: This simp argument is unused:
  mul_one

Hint: Omit it from the simp argument list.
  [apply] simp only [Module.finrank_pi, Module.finrank_self] at hf

Note: This linter can be disabled with `set_option linter.unusedSimpArgs false`
⚠ [3397/3397] Built Erdos1152.V5.FejerGrid (4.6s)
warning: Erdos1152/V5/FejerGrid.lean:41:10: Unused tactic linter: `ring` does nothing

Note: This linter can be disabled with `set_option linter.unusedTactic false`
warning: Erdos1152/V5/FejerGrid.lean:41:10: this tactic is never executed

Note: This linter can be disabled with `set_option linter.unreachableTactic false`
warning: Erdos1152/V5/FejerGrid.lean:164:22: This simp argument is unused:
  Complex.norm_natCast

Hint: Omit it from the simp argument list.
  [apply] simp [NeZero.ne L]

Note: This linter can be disabled with `set_option linter.unusedSimpArgs false`
Build completed successfully (3397 jobs).
