⚠ [2733/2742] Replayed Erdos1152.V5.EntireSinc
warning: Erdos1152/V5/EntireSinc.lean:78:14: This simp argument is unused:
  Real.norm_eq_abs

Hint: Omit it from the simp argument list.
  [apply] simp only [Complex.mul_im, Complex.ofReal_re, Complex.ofReal_im, mul_zero, zero_add, abs_mul]

Note: This linter can be disabled with `set_option linter.unusedSimpArgs false`
⚠ [2734/2742] Built Erdos1152.V5.FinitePoles (3.3s)
warning: Erdos1152/V5/FinitePoles.lean:31:6: Unused tactic linter: `ring` does nothing

Note: This linter can be disabled with `set_option linter.unusedTactic false`
warning: Erdos1152/V5/FinitePoles.lean:31:6: this tactic is never executed

Note: This linter can be disabled with `set_option linter.unreachableTactic false`
⚠ [2735/2742] Built Erdos1152.V5.SineContour (6.1s)
info: Erdos1152/V5/SineContour.lean:76:18: Try this:
  [apply] ring_nf
  
  The `ring` tactic failed to close the goal. Use `ring_nf` to obtain a normal form.
    
  Note that `ring` works primarily in *commutative* rings. If you have a noncommutative ring, abelian group or module, consider using `noncomm_ring`, `abel` or `module` instead.
warning: Erdos1152/V5/SineContour.lean:76:14: Used `tac1 <;> tac2` where `(tac1; tac2)` would suffice

Note: This linter can be disabled with `set_option linter.unnecessarySeqFocus false`
warning: Erdos1152/V5/SineContour.lean:151:53: Used `tac1 <;> tac2` where `(tac1; tac2)` would suffice

Note: This linter can be disabled with `set_option linter.unnecessarySeqFocus false`
warning: Erdos1152/V5/SineContour.lean:173:53: Used `tac1 <;> tac2` where `(tac1; tac2)` would suffice

Note: This linter can be disabled with `set_option linter.unnecessarySeqFocus false`
⚠ [2736/2742] Built Erdos1152.V5.SamplingDecay (4.1s)
warning: Erdos1152/V5/SamplingDecay.lean:120:54: Variable name `hD` is not explicitly referenced.

Hint: The binding can be removed (if unused) or named `_` (if used implicitly). Alternatively, prefix the name with `_` to silence this warning:
  [apply] _hD

Note: This linter can be disabled with `set_option linter.unusedVariables false`
⚠ [2737/2742] Built Erdos1152.V5.SamplingContours (4.9s)
warning: Erdos1152/V5/SamplingContours.lean:60:19: This simp argument is unused:
  abs_div

Hint: Omit it from the simp argument list.
  [apply] simp [abs_of_pos ht]

Note: This linter can be disabled with `set_option linter.unusedSimpArgs false`
warning: Erdos1152/V5/SamplingContours.lean:181:77: Unused tactic linter: `positivity` does nothing

Note: This linter can be disabled with `set_option linter.unusedTactic false`
warning: Erdos1152/V5/SamplingContours.lean:181:77: this tactic is never executed

Note: This linter can be disabled with `set_option linter.unreachableTactic false`
warning: Erdos1152/V5/SamplingContours.lean:178:36: Used `tac1 <;> tac2` where `(tac1; tac2)` would suffice

Note: This linter can be disabled with `set_option linter.unnecessarySeqFocus false`
warning: Erdos1152/V5/SamplingContours.lean:219:75: Unused tactic linter: `positivity` does nothing

Note: This linter can be disabled with `set_option linter.unusedTactic false`
warning: Erdos1152/V5/SamplingContours.lean:219:75: this tactic is never executed

Note: This linter can be disabled with `set_option linter.unreachableTactic false`
warning: Erdos1152/V5/SamplingContours.lean:216:36: Used `tac1 <;> tac2` where `(tac1; tac2)` would suffice

Note: This linter can be disabled with `set_option linter.unnecessarySeqFocus false`
⚠ [2738/2742] Built Erdos1152.V5.SamplingFormula (3.5s)
warning: Erdos1152/V5/SamplingFormula.lean:81:36: This simp argument is unused:
  zero_mul

Hint: Omit it from the simp argument list.
  [apply] simp only [Complex.sin_int_mul_pi, add_zero]

Note: This linter can be disabled with `set_option linter.unusedSimpArgs false`
warning: Erdos1152/V5/SamplingFormula.lean:81:45: This simp argument is unused:
  add_zero

Hint: Omit it from the simp argument list.
  [apply] simp only [Complex.sin_int_mul_pi, zero_mul]

Note: This linter can be disabled with `set_option linter.unusedSimpArgs false`
warning: Erdos1152/V5/SamplingFormula.lean:180:30: This simp argument is unused:
  mul_zero

Hint: Omit it from the simp argument list.
  [apply] simp only [sub_sub_cancel, sub_zero] at hsumlim

Note: This linter can be disabled with `set_option linter.unusedSimpArgs false`
⚠ [2739/2742] Built Erdos1152.V5.FiniteSampling (5.9s)
warning: Erdos1152/V5/FiniteSampling.lean:59:62: This simp argument is unused:
  ite_add_ite

Hint: Omit it from the simp argument list.
  [apply] simp only [correctedSample, mul_add, Finset.sum_add_distrib]

Note: This linter can be disabled with `set_option linter.unusedSimpArgs false`
warning: Erdos1152/V5/FiniteSampling.lean:147:42: Variable name `hreal` is not explicitly referenced.

Hint: The binding can be removed (if unused) or named `_` (if used implicitly). Alternatively, prefix the name with `_` to silence this warning:
  [apply] _hreal

Note: This linter can be disabled with `set_option linter.unusedVariables false`
warning: Erdos1152/V5/FiniteSampling.lean:178:25: Used `tac1 <;> tac2` where `(tac1; tac2)` would suffice

Note: This linter can be disabled with `set_option linter.unnecessarySeqFocus false`
warning: Erdos1152/V5/FiniteSampling.lean:283:42: Unused tactic linter: `ring` does nothing

Note: This linter can be disabled with `set_option linter.unusedTactic false`
warning: Erdos1152/V5/FiniteSampling.lean:291:6: Unused tactic linter: `ring` does nothing

Note: This linter can be disabled with `set_option linter.unusedTactic false`
warning: Erdos1152/V5/FiniteSampling.lean:283:42: this tactic is never executed

Note: This linter can be disabled with `set_option linter.unreachableTactic false`
warning: Erdos1152/V5/FiniteSampling.lean:291:6: this tactic is never executed

Note: This linter can be disabled with `set_option linter.unreachableTactic false`
warning: Erdos1152/V5/FiniteSampling.lean:283:23: Used `tac1 <;> tac2` where `(tac1; tac2)` would suffice

Note: This linter can be disabled with `set_option linter.unnecessarySeqFocus false`
⚠ [2740/2742] Built Erdos1152.V5.SamplingPacket (3.0s)
warning: Erdos1152/V5/SamplingPacket.lean:11:44: Variable name `ht₁` is not explicitly referenced.

Hint: The binding can be removed (if unused) or named `_` (if used implicitly). Alternatively, prefix the name with `_` to silence this warning:
  [apply] _ht₁

Note: This linter can be disabled with `set_option linter.unusedVariables false`
✔ [2741/2742] Built JSP957V5Sampling (2.4s)
Build completed successfully (2742 jobs).
